ORDER 1 official.legacy-office.libreoffice official.ocr.ppocrv6 official.media.whisper HOME /private/tmp/into-md-core-matrix-1.urX98O
STATE order-1-core-only [{"id":"legacy-office","status":"not-installed","currentSource":"off"},{"id":"ocr","status":"not-installed","currentSource":"off"},{"id":"transcription","status":"not-installed","currentSource":"off"},{"id":"diarization","status":"not-installed","currentSource":"off"}]
DIRS order-1-core-only
STATE order-1-install-1-official.legacy-office.libreoffice [{"id":"legacy-office","status":"ready","currentSource":"plugin:official.legacy-office.libreoffice/legacy-office"},{"id":"ocr","status":"not-installed","currentSource":"off"},{"id":"transcription","status":"not-installed","currentSource":"off"},{"id":"diarization","status":"not-installed","currentSource":"off"}]
DIRS order-1-install-1-official.legacy-office.libreoffice official.legacy-office.libreoffice
STATE order-1-disabled-official.legacy-office.libreoffice [{"id":"legacy-office","status":"not-installed","currentSource":"off"},{"id":"ocr","status":"not-installed","currentSource":"off"},{"id":"transcription","status":"not-installed","currentSource":"off"},{"id":"diarization","status":"not-installed","currentSource":"off"}]
DIRS order-1-disabled-official.legacy-office.libreoffice official.legacy-office.libreoffice
STATE order-1-reenabled-official.legacy-office.libreoffice [{"id":"legacy-office","status":"ready","currentSource":"plugin:official.legacy-office.libreoffice/legacy-office"},{"id":"ocr","status":"not-installed","currentSource":"off"},{"id":"transcription","status":"not-installed","currentSource":"off"},{"id":"diarization","status":"not-installed","currentSource":"off"}]
DIRS order-1-reenabled-official.legacy-office.libreoffice official.legacy-office.libreoffice
STATE order-1-install-2-official.ocr.ppocrv6 [{"id":"legacy-office","status":"ready","currentSource":"plugin:official.legacy-office.libreoffice/legacy-office"},{"id":"ocr","status":"ready","currentSource":"plugin:official.ocr.ppocrv6/ocr"},{"id":"transcription","status":"not-installed","currentSource":"off"},{"id":"diarization","status":"not-installed","currentSource":"off"}]
DIRS order-1-install-2-official.ocr.ppocrv6 official.legacy-office.libreoffice,official.ocr.ppocrv6
STATE order-1-disabled-official.ocr.ppocrv6 [{"id":"legacy-office","status":"ready","currentSource":"plugin:official.legacy-office.libreoffice/legacy-office"},{"id":"ocr","status":"not-installed","currentSource":"off"},{"id":"transcription","status":"not-installed","currentSource":"off"},{"id":"diarization","status":"not-installed","currentSource":"off"}]
DIRS order-1-disabled-official.ocr.ppocrv6 official.legacy-office.libreoffice,official.ocr.ppocrv6
STATE order-1-reenabled-official.ocr.ppocrv6 [{"id":"legacy-office","status":"ready","currentSource":"plugin:official.legacy-office.libreoffice/legacy-office"},{"id":"ocr","status":"ready","currentSource":"plugin:official.ocr.ppocrv6/ocr"},{"id":"transcription","status":"not-installed","currentSource":"off"},{"id":"diarization","status":"not-installed","currentSource":"off"}]
DIRS order-1-reenabled-official.ocr.ppocrv6 official.legacy-office.libreoffice,official.ocr.ppocrv6
STATE order-1-install-3-official.media.whisper [{"id":"legacy-office","status":"ready","currentSource":"plugin:official.legacy-office.libreoffice/legacy-office"},{"id":"ocr","status":"ready","currentSource":"plugin:official.ocr.ppocrv6/ocr"},{"id":"transcription","status":"ready","currentSource":"plugin:official.media.whisper/transcription"},{"id":"diarization","status":"ready","currentSource":"plugin:official.media.whisper/diarization"}]
DIRS order-1-install-3-official.media.whisper official.legacy-office.libreoffice,official.media.whisper,official.ocr.ppocrv6
STATE order-1-disabled-official.media.whisper [{"id":"legacy-office","status":"ready","currentSource":"plugin:official.legacy-office.libreoffice/legacy-office"},{"id":"ocr","status":"ready","currentSource":"plugin:official.ocr.ppocrv6/ocr"},{"id":"transcription","status":"not-installed","currentSource":"off"},{"id":"diarization","status":"not-installed","currentSource":"off"}]
DIRS order-1-disabled-official.media.whisper official.legacy-office.libreoffice,official.media.whisper,official.ocr.ppocrv6
STATE order-1-reenabled-official.media.whisper [{"id":"legacy-office","status":"ready","currentSource":"plugin:official.legacy-office.libreoffice/legacy-office"},{"id":"ocr","status":"ready","currentSource":"plugin:official.ocr.ppocrv6/ocr"},{"id":"transcription","status":"ready","currentSource":"plugin:official.media.whisper/transcription"},{"id":"diarization","status":"ready","currentSource":"plugin:official.media.whisper/diarization"}]
DIRS order-1-reenabled-official.media.whisper official.legacy-office.libreoffice,official.media.whisper,official.ocr.ppocrv6
STATE order-1-same-version-reinstall-official.legacy-office.libreoffice [{"id":"legacy-office","status":"ready","currentSource":"plugin:official.legacy-office.libreoffice/legacy-office"},{"id":"ocr","status":"ready","currentSource":"plugin:official.ocr.ppocrv6/ocr"},{"id":"transcription","status":"ready","currentSource":"plugin:official.media.whisper/transcription"},{"id":"diarization","status":"ready","currentSource":"plugin:official.media.whisper/diarization"}]
DIRS order-1-same-version-reinstall-official.legacy-office.libreoffice official.legacy-office.libreoffice,official.media.whisper,official.ocr.ppocrv6
STATE order-1-remove-official.ocr.ppocrv6 [{"id":"legacy-office","status":"ready","currentSource":"plugin:official.legacy-office.libreoffice/legacy-office"},{"id":"ocr","status":"not-installed","currentSource":"off"},{"id":"transcription","status":"ready","currentSource":"plugin:official.media.whisper/transcription"},{"id":"diarization","status":"ready","currentSource":"plugin:official.media.whisper/diarization"}]
DIRS order-1-remove-official.ocr.ppocrv6 official.legacy-office.libreoffice,official.media.whisper
STATE order-1-remove-official.legacy-office.libreoffice [{"id":"legacy-office","status":"not-installed","currentSource":"off"},{"id":"ocr","status":"not-installed","currentSource":"off"},{"id":"transcription","status":"ready","currentSource":"plugin:official.media.whisper/transcription"},{"id":"diarization","status":"ready","currentSource":"plugin:official.media.whisper/diarization"}]
DIRS order-1-remove-official.legacy-office.libreoffice official.media.whisper
STATE order-1-remove-official.media.whisper [{"id":"legacy-office","status":"not-installed","currentSource":"off"},{"id":"ocr","status":"not-installed","currentSource":"off"},{"id":"transcription","status":"not-installed","currentSource":"off"},{"id":"diarization","status":"not-installed","currentSource":"off"}]
DIRS order-1-remove-official.media.whisper ORDER 2 official.legacy-office.libreoffice official.media.whisper official.ocr.ppocrv6 HOME /private/tmp/into-md-core-matrix-2.7AM1TN
STATE order-2-core-only [{"id":"legacy-office","status":"not-installed","currentSource":"off"},{"id":"ocr","status":"not-installed","currentSource":"off"},{"id":"transcription","status":"not-installed","currentSource":"off"},{"id":"diarization","status":"not-installed","currentSource":"off"}]
DIRS order-2-core-only
STATE order-2-install-1-official.legacy-office.libreoffice [{"id":"legacy-office","status":"ready","currentSource":"plugin:official.legacy-office.libreoffice/legacy-office"},{"id":"ocr","status":"not-installed","currentSource":"off"},{"id":"transcription","status":"not-installed","currentSource":"off"},{"id":"diarization","status":"not-installed","currentSource":"off"}]
DIRS order-2-install-1-official.legacy-office.libreoffice official.legacy-office.libreoffice
STATE order-2-install-2-official.media.whisper [{"id":"legacy-office","status":"ready","currentSource":"plugin:official.legacy-office.libreoffice/legacy-office"},{"id":"ocr","status":"not-installed","currentSource":"off"},{"id":"transcription","status":"ready","currentSource":"plugin:official.media.whisper/transcription"},{"id":"diarization","status":"ready","currentSource":"plugin:official.media.whisper/diarization"}]
DIRS order-2-install-2-official.media.whisper official.legacy-office.libreoffice,official.media.whisper
STATE order-2-install-3-official.ocr.ppocrv6 [{"id":"legacy-office","status":"ready","currentSource":"plugin:official.legacy-office.libreoffice/legacy-office"},{"id":"ocr","status":"ready","currentSource":"plugin:official.ocr.ppocrv6/ocr"},{"id":"transcription","status":"ready","currentSource":"plugin:official.media.whisper/transcription"},{"id":"diarization","status":"ready","currentSource":"plugin:official.media.whisper/diarization"}]
DIRS order-2-install-3-official.ocr.ppocrv6 official.legacy-office.libreoffice,official.media.whisper,official.ocr.ppocrv6
STATE order-2-remove-official.media.whisper [{"id":"legacy-office","status":"ready","currentSource":"plugin:official.legacy-office.libreoffice/legacy-office"},{"id":"ocr","status":"ready","currentSource":"plugin:official.ocr.ppocrv6/ocr"},{"id":"transcription","status":"not-installed","currentSource":"off"},{"id":"diarization","status":"not-installed","currentSource":"off"}]
DIRS order-2-remove-official.media.whisper official.legacy-office.libreoffice,official.ocr.ppocrv6
STATE order-2-remove-official.legacy-office.libreoffice [{"id":"legacy-office","status":"not-installed","currentSource":"off"},{"id":"ocr","status":"ready","currentSource":"plugin:official.ocr.ppocrv6/ocr"},{"id":"transcription","status":"not-installed","currentSource":"off"},{"id":"diarization","status":"not-installed","currentSource":"off"}]
DIRS order-2-remove-official.legacy-office.libreoffice official.ocr.ppocrv6
STATE order-2-remove-official.ocr.ppocrv6 [{"id":"legacy-office","status":"not-installed","currentSource":"off"},{"id":"ocr","status":"not-installed","currentSource":"off"},{"id":"transcription","status":"not-installed","currentSource":"off"},{"id":"diarization","status":"not-installed","currentSource":"off"}]
DIRS order-2-remove-official.ocr.ppocrv6 ORDER 3 official.ocr.ppocrv6 official.legacy-office.libreoffice official.media.whisper HOME /private/tmp/into-md-core-matrix-3.c1rkpJ
STATE order-3-core-only [{"id":"legacy-office","status":"not-installed","currentSource":"off"},{"id":"ocr","status":"not-installed","currentSource":"off"},{"id":"transcription","status":"not-installed","currentSource":"off"},{"id":"diarization","status":"not-installed","currentSource":"off"}]
DIRS order-3-core-only
STATE order-3-install-1-official.ocr.ppocrv6 [{"id":"legacy-office","status":"not-installed","currentSource":"off"},{"id":"ocr","status":"ready","currentSource":"plugin:official.ocr.ppocrv6/ocr"},{"id":"transcription","status":"not-installed","currentSource":"off"},{"id":"diarization","status":"not-installed","currentSource":"off"}]
DIRS order-3-install-1-official.ocr.ppocrv6 official.ocr.ppocrv6
STATE order-3-install-2-official.legacy-office.libreoffice [{"id":"legacy-office","status":"ready","currentSource":"plugin:official.legacy-office.libreoffice/legacy-office"},{"id":"ocr","status":"ready","currentSource":"plugin:official.ocr.ppocrv6/ocr"},{"id":"transcription","status":"not-installed","currentSource":"off"},{"id":"diarization","status":"not-installed","currentSource":"off"}]
DIRS order-3-install-2-official.legacy-office.libreoffice official.legacy-office.libreoffice,official.ocr.ppocrv6
STATE order-3-install-3-official.media.whisper [{"id":"legacy-office","status":"ready","currentSource":"plugin:official.legacy-office.libreoffice/legacy-office"},{"id":"ocr","status":"ready","currentSource":"plugin:official.ocr.ppocrv6/ocr"},{"id":"transcription","status":"ready","currentSource":"plugin:official.media.whisper/transcription"},{"id":"diarization","status":"ready","currentSource":"plugin:official.media.whisper/diarization"}]
DIRS order-3-install-3-official.media.whisper official.legacy-office.libreoffice,official.media.whisper,official.ocr.ppocrv6
STATE order-3-remove-official.legacy-office.libreoffice [{"id":"legacy-office","status":"not-installed","currentSource":"off"},{"id":"ocr","status":"ready","currentSource":"plugin:official.ocr.ppocrv6/ocr"},{"id":"transcription","status":"ready","currentSource":"plugin:official.media.whisper/transcription"},{"id":"diarization","status":"ready","currentSource":"plugin:official.media.whisper/diarization"}]
DIRS order-3-remove-official.legacy-office.libreoffice official.media.whisper,official.ocr.ppocrv6
STATE order-3-remove-official.ocr.ppocrv6 [{"id":"legacy-office","status":"not-installed","currentSource":"off"},{"id":"ocr","status":"not-installed","currentSource":"off"},{"id":"transcription","status":"ready","currentSource":"plugin:official.media.whisper/transcription"},{"id":"diarization","status":"ready","currentSource":"plugin:official.media.whisper/diarization"}]
DIRS order-3-remove-official.ocr.ppocrv6 official.media.whisper
STATE order-3-remove-official.media.whisper [{"id":"legacy-office","status":"not-installed","currentSource":"off"},{"id":"ocr","status":"not-installed","currentSource":"off"},{"id":"transcription","status":"not-installed","currentSource":"off"},{"id":"diarization","status":"not-installed","currentSource":"off"}]
DIRS order-3-remove-official.media.whisper ORDER 4 official.ocr.ppocrv6 official.media.whisper official.legacy-office.libreoffice HOME /private/tmp/into-md-core-matrix-4.f9coYx
STATE order-4-core-only [{"id":"legacy-office","status":"not-installed","currentSource":"off"},{"id":"ocr","status":"not-installed","currentSource":"off"},{"id":"transcription","status":"not-installed","currentSource":"off"},{"id":"diarization","status":"not-installed","currentSource":"off"}]
DIRS order-4-core-only
STATE order-4-install-1-official.ocr.ppocrv6 [{"id":"legacy-office","status":"not-installed","currentSource":"off"},{"id":"ocr","status":"ready","currentSource":"plugin:official.ocr.ppocrv6/ocr"},{"id":"transcription","status":"not-installed","currentSource":"off"},{"id":"diarization","status":"not-installed","currentSource":"off"}]
DIRS order-4-install-1-official.ocr.ppocrv6 official.ocr.ppocrv6
STATE order-4-install-2-official.media.whisper [{"id":"legacy-office","status":"not-installed","currentSource":"off"},{"id":"ocr","status":"ready","currentSource":"plugin:official.ocr.ppocrv6/ocr"},{"id":"transcription","status":"ready","currentSource":"plugin:official.media.whisper/transcription"},{"id":"diarization","status":"ready","currentSource":"plugin:official.media.whisper/diarization"}]
DIRS order-4-install-2-official.media.whisper official.media.whisper,official.ocr.ppocrv6
STATE order-4-install-3-official.legacy-office.libreoffice [{"id":"legacy-office","status":"ready","currentSource":"plugin:official.legacy-office.libreoffice/legacy-office"},{"id":"ocr","status":"ready","currentSource":"plugin:official.ocr.ppocrv6/ocr"},{"id":"transcription","status":"ready","currentSource":"plugin:official.media.whisper/transcription"},{"id":"diarization","status":"ready","currentSource":"plugin:official.media.whisper/diarization"}]
DIRS order-4-install-3-official.legacy-office.libreoffice official.legacy-office.libreoffice,official.media.whisper,official.ocr.ppocrv6
STATE order-4-remove-official.media.whisper [{"id":"legacy-office","status":"ready","currentSource":"plugin:official.legacy-office.libreoffice/legacy-office"},{"id":"ocr","status":"ready","currentSource":"plugin:official.ocr.ppocrv6/ocr"},{"id":"transcription","status":"not-installed","currentSource":"off"},{"id":"diarization","status":"not-installed","currentSource":"off"}]
DIRS order-4-remove-official.media.whisper official.legacy-office.libreoffice,official.ocr.ppocrv6
STATE order-4-remove-official.ocr.ppocrv6 [{"id":"legacy-office","status":"ready","currentSource":"plugin:official.legacy-office.libreoffice/legacy-office"},{"id":"ocr","status":"not-installed","currentSource":"off"},{"id":"transcription","status":"not-installed","currentSource":"off"},{"id":"diarization","status":"not-installed","currentSource":"off"}]
DIRS order-4-remove-official.ocr.ppocrv6 official.legacy-office.libreoffice
STATE order-4-remove-official.legacy-office.libreoffice [{"id":"legacy-office","status":"not-installed","currentSource":"off"},{"id":"ocr","status":"not-installed","currentSource":"off"},{"id":"transcription","status":"not-installed","currentSource":"off"},{"id":"diarization","status":"not-installed","currentSource":"off"}]
DIRS order-4-remove-official.legacy-office.libreoffice ORDER 5 official.media.whisper official.legacy-office.libreoffice official.ocr.ppocrv6 HOME /private/tmp/into-md-core-matrix-5.FjPPIp
STATE order-5-core-only [{"id":"legacy-office","status":"not-installed","currentSource":"off"},{"id":"ocr","status":"not-installed","currentSource":"off"},{"id":"transcription","status":"not-installed","currentSource":"off"},{"id":"diarization","status":"not-installed","currentSource":"off"}]
DIRS order-5-core-only
STATE order-5-install-1-official.media.whisper [{"id":"legacy-office","status":"not-installed","currentSource":"off"},{"id":"ocr","status":"not-installed","currentSource":"off"},{"id":"transcription","status":"ready","currentSource":"plugin:official.media.whisper/transcription"},{"id":"diarization","status":"ready","currentSource":"plugin:official.media.whisper/diarization"}]
DIRS order-5-install-1-official.media.whisper official.media.whisper
STATE order-5-install-2-official.legacy-office.libreoffice [{"id":"legacy-office","status":"ready","currentSource":"plugin:official.legacy-office.libreoffice/legacy-office"},{"id":"ocr","status":"not-installed","currentSource":"off"},{"id":"transcription","status":"ready","currentSource":"plugin:official.media.whisper/transcription"},{"id":"diarization","status":"ready","currentSource":"plugin:official.media.whisper/diarization"}]
DIRS order-5-install-2-official.legacy-office.libreoffice official.legacy-office.libreoffice,official.media.whisper
STATE order-5-install-3-official.ocr.ppocrv6 [{"id":"legacy-office","status":"ready","currentSource":"plugin:official.legacy-office.libreoffice/legacy-office"},{"id":"ocr","status":"ready","currentSource":"plugin:official.ocr.ppocrv6/ocr"},{"id":"transcription","status":"ready","currentSource":"plugin:official.media.whisper/transcription"},{"id":"diarization","status":"ready","currentSource":"plugin:official.media.whisper/diarization"}]
DIRS order-5-install-3-official.ocr.ppocrv6 official.legacy-office.libreoffice,official.media.whisper,official.ocr.ppocrv6
STATE order-5-remove-official.legacy-office.libreoffice [{"id":"legacy-office","status":"not-installed","currentSource":"off"},{"id":"ocr","status":"ready","currentSource":"plugin:official.ocr.ppocrv6/ocr"},{"id":"transcription","status":"ready","currentSource":"plugin:official.media.whisper/transcription"},{"id":"diarization","status":"ready","currentSource":"plugin:official.media.whisper/diarization"}]
DIRS order-5-remove-official.legacy-office.libreoffice official.media.whisper,official.ocr.ppocrv6
STATE order-5-remove-official.media.whisper [{"id":"legacy-office","status":"not-installed","currentSource":"off"},{"id":"ocr","status":"ready","currentSource":"plugin:official.ocr.ppocrv6/ocr"},{"id":"transcription","status":"not-installed","currentSource":"off"},{"id":"diarization","status":"not-installed","currentSource":"off"}]
DIRS order-5-remove-official.media.whisper official.ocr.ppocrv6
STATE order-5-remove-official.ocr.ppocrv6 [{"id":"legacy-office","status":"not-installed","currentSource":"off"},{"id":"ocr","status":"not-installed","currentSource":"off"},{"id":"transcription","status":"not-installed","currentSource":"off"},{"id":"diarization","status":"not-installed","currentSource":"off"}]
DIRS order-5-remove-official.ocr.ppocrv6 ORDER 6 official.media.whisper official.ocr.ppocrv6 official.legacy-office.libreoffice HOME /private/tmp/into-md-core-matrix-6.VdmvPn
STATE order-6-core-only [{"id":"legacy-office","status":"not-installed","currentSource":"off"},{"id":"ocr","status":"not-installed","currentSource":"off"},{"id":"transcription","status":"not-installed","currentSource":"off"},{"id":"diarization","status":"not-installed","currentSource":"off"}]
DIRS order-6-core-only
STATE order-6-install-1-official.media.whisper [{"id":"legacy-office","status":"not-installed","currentSource":"off"},{"id":"ocr","status":"not-installed","currentSource":"off"},{"id":"transcription","status":"ready","currentSource":"plugin:official.media.whisper/transcription"},{"id":"diarization","status":"ready","currentSource":"plugin:official.media.whisper/diarization"}]
DIRS order-6-install-1-official.media.whisper official.media.whisper
STATE order-6-install-2-official.ocr.ppocrv6 [{"id":"legacy-office","status":"not-installed","currentSource":"off"},{"id":"ocr","status":"ready","currentSource":"plugin:official.ocr.ppocrv6/ocr"},{"id":"transcription","status":"ready","currentSource":"plugin:official.media.whisper/transcription"},{"id":"diarization","status":"ready","currentSource":"plugin:official.media.whisper/diarization"}]
DIRS order-6-install-2-official.ocr.ppocrv6 official.media.whisper,official.ocr.ppocrv6
STATE order-6-install-3-official.legacy-office.libreoffice [{"id":"legacy-office","status":"ready","currentSource":"plugin:official.legacy-office.libreoffice/legacy-office"},{"id":"ocr","status":"ready","currentSource":"plugin:official.ocr.ppocrv6/ocr"},{"id":"transcription","status":"ready","currentSource":"plugin:official.media.whisper/transcription"},{"id":"diarization","status":"ready","currentSource":"plugin:official.media.whisper/diarization"}]
DIRS order-6-install-3-official.legacy-office.libreoffice official.legacy-office.libreoffice,official.media.whisper,official.ocr.ppocrv6
STATE order-6-remove-official.ocr.ppocrv6 [{"id":"legacy-office","status":"ready","currentSource":"plugin:official.legacy-office.libreoffice/legacy-office"},{"id":"ocr","status":"not-installed","currentSource":"off"},{"id":"transcription","status":"ready","currentSource":"plugin:official.media.whisper/transcription"},{"id":"diarization","status":"ready","currentSource":"plugin:official.media.whisper/diarization"}]
DIRS order-6-remove-official.ocr.ppocrv6 official.legacy-office.libreoffice,official.media.whisper
STATE order-6-remove-official.media.whisper [{"id":"legacy-office","status":"ready","currentSource":"plugin:official.legacy-office.libreoffice/legacy-office"},{"id":"ocr","status":"not-installed","currentSource":"off"},{"id":"transcription","status":"not-installed","currentSource":"off"},{"id":"diarization","status":"not-installed","currentSource":"off"}]
DIRS order-6-remove-official.media.whisper official.legacy-office.libreoffice
STATE order-6-remove-official.legacy-office.libreoffice [{"id":"legacy-office","status":"not-installed","currentSource":"off"},{"id":"ocr","status":"not-installed","currentSource":"off"},{"id":"transcription","status":"not-installed","currentSource":"off"},{"id":"diarization","status":"not-installed","currentSource":"off"}]
DIRS order-6-remove-official.legacy-office.libreoffice